Script started on 2026-09-27 23:45:26+00:00 [COMMAND="bash /tmp/cli_check1.sh" <not executed on terminal>]
+ echo '===== CLIENT: verify + create client_file ====='
===== CLIENT: verify + create client_file =====
+ ls -la /mnt/upload/
total 8
drwxrwxrwx 2 nobody nogroup 4096 Sep 27 23:45 .
drwxr-xr-x 3 nobody nogroup 4096 Sep 27 23:44 ..
-rw-r--r-- 1 root   root       0 Sep 27 23:45 check_file
+ test -f /mnt/upload/check_file
+ echo 'OK: check_file visible on client'
OK: check_file visible on client
+ touch /mnt/upload/client_file
+ ls -la /mnt/upload/
total 8
drwxrwxrwx 2 nobody nogroup 4096 Sep 27 23:45 .
drwxr-xr-x 3 nobody nogroup 4096 Sep 27 23:44 ..
-rw-r--r-- 1 root   root       0 Sep 27 23:45 check_file
-rw-r--r-- 1 nobody nogroup    0 Sep 27 23:45 client_file
+ set +x

Script done on 2026-09-27 23:45:26+00:00 [COMMAND_EXIT_CODE="0"]
